// Jest Snapshot v1, https://goo.gl/fbAQLP

exports[`Bubble snapshot matches 1`] = `
<div>
  <svg
    height={100}
    width={100}
  />
</div>
`;

exports[`InvoiceTable snapshot matches 1`] = `
<InvoiceTable
  classes={
    Object {
      "link": "InvoiceTable-link-3",
      "paper": "InvoiceTable-paper-1",
      "table": "InvoiceTable-table-2",
    }
  }
  data={
    Array [
      Object {
        "id": "FAEXP/5/10/2018",
        "issueDate": "10/10/2018",
        "net": 5000,
      },
      Object {
        "id": "FAEXP/4/12/2018",
        "issueDate": "12/12/2018",
        "net": 6000,
      },
    ]
  }
/>
`;

exports[`React Router snapshot matches 1`] = `ShallowWrapper {}`;
